// Jest Snapshot v1, https://goo.gl/fbAQLP

exports[`HelpModal with list of content items should render a modal with title,close button and content 1`] = `
<Modal
  closeModal={[Function]}
  content={
    <NavHelpContent
      className="nav-item-border"
      helpContent={
        Array [
          Object {
            "children": Array [
              Object {
                "text": "Need help using this portal or need to report an issue? Contact the support team at 123-xxx-xxxx",
                "uri": "http://localhost:8083/",
              },
            ],
            "icon": <IconInfo
              data-name="Layer 1"
              viewBox="0 0 48 48"
              xmlns="http://www.w3.org/2000/svg"
        />,
            "text": "Technical Questions",
            "uri": "http://localhost:8083/",
          },
          Object {
            "children": Array [],
            "icon": <IconInfo
              data-name="Layer 1"
              viewBox="0 0 48 48"
              xmlns="http://www.w3.org/2000/svg"
        />,
            "text": "Get Support ID",
            "uri": "http://localhost:8083/",
          },
        ]
      }
    />
  }
  isModalOpen={false}
  title="Help"
/>
`;
