// Jest Snapshot v1, https://goo.gl/fbAQLP

exports[`Modal should render a modal with title,close button and content 1`] = `
<Overlay
  backgroundStyle="light"
  className="overlay"
  content={
    <div>
       This is a test content
    </div>
  }
  isOpen={false}
  isRelativeToContainer={false}
  isScrollable={false}
>
  <div
    className="modal-title"
  >
    Modal Tittle
    <Button
      className="close-button"
      isBlock={false}
      isCompact={false}
      isDisabled={false}
      isReversed={false}
      onClick={[Function]}
      type="button"
      variant="default"
    >
      <IconClose
        data-name="Layer 1"
        viewBox="0 0 48 48"
        xmlns="http://www.w3.org/2000/svg"
      />
    </Button>
  </div>
  <div
    className="modal"
  />
</Overlay>
`;
