// Jest Snapshot v1, https://goo.gl/fbAQLP

exports[`NavHelp button with pop/modal should render a button with IconInfo,label and a pop/modal not opened 1`] = `
<IntlProvider
  locale="en-US"
  messages={
    Object {
      "nav_help": "Help",
      "nav_profile_title": "Settings",
      "nav_signout": "Sign Out",
    }
  }
>
  <div>
    <InjectIntl(NavHelp)
      help={
        Array [
          Object {
            "children": Array [
              Object {
                "text": "Need help using this portal or need to report an issue? Contact the support team at 123-xxx-xxxx",
                "uri": "http://localhost:8080/",
              },
            ],
            "icon": <IconOutlineQuestionMark
              height={16}
              viewBox="0 0 48 48"
              width={16}
              xmlns="http://www.w3.org/2000/svg"
        />,
            "text": "Technical Questions",
            "uri": "http://localhost:8080/",
          },
          Object {
            "children": Array [],
            "icon": <IconOutlineQuestionMark
              height={16}
              viewBox="0 0 48 48"
              width={16}
              xmlns="http://www.w3.org/2000/svg"
        />,
            "text": "Get Support ID",
            "uri": "http://localhost:8080/",
          },
        ]
      }
      id="nav-help-button"
    />
  </div>
</IntlProvider>
`;
