// Jest Snapshot v1, https://goo.gl/fbAQLP

exports[`Profile Link items should render a list of profile link items 1`] = `
<div>
  <ProfileLink
    icon={
      <IconOutlineQuestionMark
        height={16}
        viewBox="0 0 48 48"
        width={16}
        xmlns="http://www.w3.org/2000/svg"
      />
    }
    text="Account"
    url="http://localhost:8080/"
  />
  <ProfileLink
    icon={
      <IconOutlineQuestionMark
        height={16}
        viewBox="0 0 48 48"
        width={16}
        xmlns="http://www.w3.org/2000/svg"
      />
    }
    text="Notifications"
    url="http://localhost:8080/"
  />
</div>
`;
